// Jest Snapshot v1, https://goo.gl/fbAQLP

exports[`basic simple: js 1`] = `
"class Timer {
    constructor(timeInterval, callback) {
        this.timeInterval = timeInterval;
        this.callback = callback;
    }
    cancelHandle() {
        if (this.intervalHandle != null) {
            clearInterval(this.intervalHandle);
        }
    }
    startHandle() {
        this.cancelHandle();
        this.intervalHandle = window.setInterval(() => this.run(), this.timeInterval);
    }
    run() {
        try {
            this.callback();
        }
        catch (e) {
            // do nothing
        }
    }
}
const instance = new Timer(1e3, () => console.info(\\"doing something\\"));
window[\\"mySDK\\"] = {
    start() {
        instance.startHandle();
    },
    stop() {
        instance.cancelHandle();
    },
};
"
`;
